[INFO] Scanning for projects...
[INFO] 
[INFO] -----------------< br.com.maezo:human-command-engine >------------------
[INFO] Building human-command-engine 1.0.0
[INFO]   from pom.xml
[INFO] --------------------------------[ jar ]---------------------------------
[INFO] 
[INFO] --- resources:3.3.1:resources (default-resources) @ human-command-engine ---
[INFO] Copying 2 resources from src/main/resources to target/classes
[INFO] 
[INFO] --- compiler:3.13.0:compile (default-compile) @ human-command-engine ---
[INFO] Nothing to compile - all classes are up to date.
[INFO] 
[INFO] --- resources:3.3.1:testResources (default-testResources) @ human-command-engine ---
[INFO] Copying 10 resources from src/test/resources to target/test-classes
[INFO] 
[INFO] --- compiler:3.13.0:testCompile (default-testCompile) @ human-command-engine ---
[INFO] Recompiling the module because of changed source code.
[INFO] Compiling 14 source files with javac [debug release 17] to target/test-classes
[INFO] 
[INFO] --- surefire:3.5.2:test (default-test) @ human-command-engine ---
[INFO] Using auto detected provider org.apache.maven.surefire.junitplatform.JUnitPlatformProvider
[INFO] 
[INFO] -------------------------------------------------------
[INFO]  T E S T S
[INFO] -------------------------------------------------------
[INFO] Running br.com.maezo.workload.CertificateBoundaryTest
[INFO] Tests run: 67, Failures: 0, Errors: 0, Skipped: 0, Time elapsed: 0.429 s -- in br.com.maezo.workload.CertificateBoundaryTest
[INFO] Running br.com.maezo.workload.NativeAuthorityUnitTest
SLF4J: Failed to load class "org.slf4j.impl.StaticLoggerBinder".
SLF4J: Defaulting to no-operation (NOP) logger implementation
SLF4J: See http://www.slf4j.org/codes.html#StaticLoggerBinder for further details.
[INFO] Tests run: 22, Failures: 0, Errors: 0, Skipped: 0, Time elapsed: 0.210 s -- in br.com.maezo.workload.NativeAuthorityUnitTest
[INFO] Running br.com.maezo.workload.CapabilityTest
[INFO] Tests run: 42, Failures: 0, Errors: 0, Skipped: 0, Time elapsed: 0.074 s -- in br.com.maezo.workload.CapabilityTest
[INFO] Running br.com.maezo.workload.LayoutTest
[INFO] Tests run: 8, Failures: 0, Errors: 0, Skipped: 0, Time elapsed: 0.093 s -- in br.com.maezo.workload.LayoutTest
[INFO] Running br.com.maezo.human.ProfileTest
[INFO] Tests run: 22, Failures: 0, Errors: 0, Skipped: 0, Time elapsed: 0.058 s -- in br.com.maezo.human.ProfileTest
[INFO] Running br.com.maezo.human.ServletBoundaryTest
[INFO] Tests run: 2, Failures: 0, Errors: 0, Skipped: 0, Time elapsed: 0.009 s -- in br.com.maezo.human.ServletBoundaryTest
[INFO] 
[INFO] Results:
[INFO] 
[INFO] Tests run: 163, Failures: 0, Errors: 0, Skipped: 0
[INFO] 
[INFO] ------------------------------------------------------------------------
[INFO] BUILD SUCCESS
[INFO] ------------------------------------------------------------------------
[INFO] Total time:  2.634 s
[INFO] Finished at: 2026-09-09T06:40:30-03:00
[INFO] ------------------------------------------------------------------------
